../app/Motor/Motor.cpp:11:1:Motor::Motor(uint8_t, bool, GPIO_TypeDef*, uint16_t, GPIO_TypeDef*, uint16_t, TIM_HandleTypeDef*, uint8_t)	8	static
../app/Motor/Motor.cpp:22:6:void Motor::updatePosition(uint16_t)	0	static
../app/Motor/Motor.cpp:39:6:void Motor::updateCurrent(uint16_t)	0	static
../app/Motor/Motor.cpp:44:7:float Motor::getPositionDegree()	0	static
../app/Motor/Motor.cpp:48:7:float Motor::getCurrent()	0	static
../app/Motor/Motor.cpp:52:6:void Motor::setPositionDegree(float)	0	static
../app/Motor/Motor.cpp:56:6:void Motor::setDirectionClockWise()	8	static
../app/Motor/Motor.cpp:61:6:void Motor::setDirectionCounterClockWise()	8	static
../app/Motor/Motor.cpp:66:6:void Motor::motorBrake()	8	static
../app/Motor/Motor.cpp:95:7:float Motor::getDutyCycle()	0	static
../app/Motor/Motor.cpp:99:6:void Motor::setDutyCycle(uint16_t)	0	static
../app/Motor/Motor.cpp:71:6:void Motor::setSpeed(float)	16	static
