../app/SDCard/src/sd_functions.c:30:5:sd_format	8	static
../app/SDCard/src/sd_functions.c:42:5:sd_get_space_kb	16	static
../app/SDCard/src/sd_functions.c:56:5:sd_mount	8	static
../app/SDCard/src/sd_functions.c:91:5:sd_unmount	8	static
../app/SDCard/src/sd_functions.c:97:5:sd_write_file	576	static
../app/SDCard/src/sd_functions.c:109:5:sd_append_file	576	static
../app/SDCard/src/sd_functions.c:127:5:sd_read_file	584	static
../app/SDCard/src/sd_functions.c:162:5:sd_read_csv	720	static
../app/SDCard/src/sd_functions.c:205:5:sd_delete_file	16	static
../app/SDCard/src/sd_functions.c:211:5:sd_rename_file	16	static
../app/SDCard/src/sd_functions.c:217:9:sd_create_directory	16	static
../app/SDCard/src/sd_functions.c:223:6:sd_list_directory_recursive	992	static
../app/SDCard/src/sd_functions.c:255:6:sd_list_files	8	static
../app/SDCard/src/sd_functions.c:261:6:sd_create_log_file	40	static
../app/SDCard/src/sd_functions.c:279:6:sd_close_log_file	8	static
../app/SDCard/src/sd_functions.c:285:6:sd_write_log_file	16	static
