../app/SDCard/src/sd_spi.c:49:16:SD_ReceiveByte	24	static
../app/SDCard/src/sd_spi.c:78:18:SD_WaitReady	8	static
../app/SDCard/src/sd_spi.c:45:13:SD_TransmitByte	16	static
../app/SDCard/src/sd_spi.c:88:16:SD_SendCommand	16	static
../app/SDCard/src/sd_spi.c:64:13:SD_ReceiveBuffer	8	static
../app/SDCard/src/sd_spi.c:55:13:SD_TransmitBuffer	8	static
../app/SDCard/src/sd_spi.c:107:9:sd_is_sdhc	0	static
../app/SDCard/src/sd_spi.c:112:11:SD_SPI_Init	32	static
../app/SDCard/src/sd_spi.c:199:11:SD_ReadMultiBlocks	24	static
../app/SDCard/src/sd_spi.c:166:11:SD_ReadBlocks	24	static
../app/SDCard/src/sd_spi.c:269:11:SD_WriteMultiBlocks	24	static
../app/SDCard/src/sd_spi.c:237:11:SD_WriteBlocks	16	static
