../app/sh2/sh2.c:493:12:opStart	8	static
../app/sh2/sh2.c:511:13:opRx	8	static
../app/sh2/sh2.c:519:12:opCompleted	0	static
../app/sh2/sh2.c:530:13:opOnReset	8	static
../app/sh2/sh2.c:544:16:getReportLen	0	static
../app/sh2/sh2.c:555:13:sensorhubControlHdlr	32	static
../app/sh2/sh2.c:670:17:touSTimestamp	4	static
../app/sh2/sh2.c:779:13:executableDeviceHdlr	8	static
../app/sh2/sh2.c:822:16:toQ14	0	static
../app/sh2/sh2.c:851:13:getProdIdRx	8	static
../app/sh2/sh2.c:922:13:getSensorConfigRx	8	static
../app/sh2/sh2.c:1028:13:getFrsRx	24	static
../app/sh2/sh2.c:1362:13:wrongResponse	0	static
../app/sh2/sh2.c:1382:13:getErrorsRx	16	static
../app/sh2/sh2.c:1485:13:reinitRx	16	static
../app/sh2/sh2.c:1519:13:saveDcdNowRx	16	static
../app/sh2/sh2.c:1549:13:getOscTypeRx	16	static
../app/sh2/sh2.c:1593:13:setCalConfigRx	16	static
../app/sh2/sh2.c:1633:13:getCalConfigRx	16	static
../app/sh2/sh2.c:1680:13:forceFlushRx	8	static
../app/sh2/sh2.c:1710:13:clearDcdAndResetOnReset	8	static
../app/sh2/sh2.c:1741:13:startCalRx	8	static
../app/sh2/sh2.c:1767:13:finishCalRx	16	static
../app/sh2/sh2.c:1820:13:shtpEventCallback	8	static
../app/sh2/sh2.c:817:12:sendCtrl	8	static
../app/sh2/sh2.c:833:12:getProdIdStart	16	static
../app/sh2/sh2.c:908:12:getSensorConfigStart	16	static
../app/sh2/sh2.c:972:12:setSensorConfigStart	40	static
../app/sh2/sh2.c:1008:12:getFrsStart	16	static
../app/sh2/sh2.c:1227:13:setFrsRx	32	static
../app/sh2/sh2.c:1208:12:setFrsStart	16	static
../app/sh2/sh2.c:1305:12:sendCmd	24	static
../app/sh2/sh2.c:1340:12:sendCmd1	24	static
../app/sh2/sh2.c:1374:12:getErrorsStart	8	static
../app/sh2/sh2.c:1478:12:reinitStart	8	static
../app/sh2/sh2.c:1762:12:finishCalStart	8	static
../app/sh2/sh2.c:1351:12:sendCmd2	24	static
../app/sh2/sh2.c:1422:12:getCountsStart	8	static
../app/sh2/sh2.c:1461:12:sendCmdStart	16	static
../app/sh2/sh2.c:1330:12:sendCmd0	24	static
../app/sh2/sh2.c:1512:12:saveDcdNowStart	8	static
../app/sh2/sh2.c:1544:12:getOscTypeStart	8	static
../app/sh2/sh2.c:1702:12:clearDcdAndResetStart	8	static
../app/sh2/sh2.c:1574:12:setCalConfigStart	24	static
../app/sh2/sh2.c:1620:12:getCalConfigStart	24	static
../app/sh2/sh2.c:1724:12:startCalStart	24	static
../app/sh2/sh2.c:1793:12:sendWheelOpStart	32	static
../app/sh2/sh2.c:1669:12:forceFlushStart	16	static
../app/sh2/sh2.c:812:12:sendExecutable	16	static
../app/sh2/sh2.c:1427:13:getCountsRx	16	static
../app/sh2/sh2.c:629:12:opProcess	16	static
../app/sh2/sh2.c:756:13:sensorhubInputGyroRvHdlr	112	static
../app/sh2/sh2.c:688:13:sensorhubInputHdlr	128	static
../app/sh2/sh2.c:749:13:sensorhubInputWakeHdlr	8	static
../app/sh2/sh2.c:742:13:sensorhubInputNormalHdlr	8	static
../app/sh2/sh2.c:1139:13:stuffMetadata	24	static
../app/sh2/sh2.c:1850:5:sh2_open	24	static
../app/sh2/sh2.c:1912:6:sh2_close	8	static
../app/sh2/sh2.c:1929:6:sh2_service	8	static
../app/sh2/sh2.c:1945:5:sh2_setSensorCallback	0	static
../app/sh2/sh2.c:1960:5:sh2_devReset	8	static
../app/sh2/sh2.c:1976:5:sh2_devOn	8	static
../app/sh2/sh2.c:1992:5:sh2_devSleep	8	static
../app/sh2/sh2.c:2009:5:sh2_getProdIds	8	static
../app/sh2/sh2.c:2032:5:sh2_getSensorConfig	8	static
../app/sh2/sh2.c:2057:5:sh2_setSensorConfig	8	static
../app/sh2/sh2.c:2082:5:sh2_getMetadata	16	static
../app/sh2/sh2.c:2135:5:sh2_getFrs	8	static
../app/sh2/sh2.c:2166:5:sh2_setFrs	8	static
../app/sh2/sh2.c:2196:5:sh2_getErrors	8	static
../app/sh2/sh2.c:2221:5:sh2_getCounts	8	static
../app/sh2/sh2.c:2244:5:sh2_clearCounts	8	static
../app/sh2/sh2.c:2270:5:sh2_setTareNow	8	static
../app/sh2/sh2.c:2296:5:sh2_clearTare	8	static
../app/sh2/sh2.c:2319:5:sh2_persistTare	8	static
../app/sh2/sh2.c:2343:5:sh2_setReorientation	16	static
../app/sh2/sh2.c:2375:5:sh2_reinitialize	8	static
../app/sh2/sh2.c:2391:5:sh2_saveDcdNow	8	static
../app/sh2/sh2.c:2408:5:sh2_getOscType	8	static
../app/sh2/sh2.c:2427:5:sh2_setCalConfig	8	static
../app/sh2/sh2.c:2446:5:sh2_getCalConfig	8	static
../app/sh2/sh2.c:2465:5:sh2_setDcdAutoSave	8	static
../app/sh2/sh2.c:2488:5:sh2_flush	8	static
../app/sh2/sh2.c:2509:5:sh2_clearDcdAndReset	8	static
../app/sh2/sh2.c:2526:5:sh2_startCal	8	static
../app/sh2/sh2.c:2548:5:sh2_finishCal	8	static
../app/sh2/sh2.c:2573:5:sh2_setIZro	8	static
../app/sh2/sh2.c:2593:5:sh2_reportWheelEncoder	8	static
../app/sh2/sh2.c:2611:5:sh2_saveDeadReckoningCalNow	8	static
