../app/sh2/sh2_SensorValue.c:414:12:decodeTapDetector	0	static
../app/sh2/sh2_SensorValue.c:443:12:decodeStabilityClassifier	0	static
../app/sh2/sh2_SensorValue.c:478:12:decodePersonalActivityClassifier	0	static
../app/sh2/sh2_SensorValue.c:490:12:decodeSleepDetector	0	static
../app/sh2/sh2_SensorValue.c:559:12:decodeIZroRequest	0	static
../app/sh2/sh2_SensorValue.c:248:12:decodeAccelerometer	24	static
../app/sh2/sh2_SensorValue.c:257:12:decodeLinearAcceleration	24	static
../app/sh2/sh2_SensorValue.c:266:12:decodeGravity	24	static
../app/sh2/sh2_SensorValue.c:286:12:decodeGyroscopeCalibrated	24	static
../app/sh2/sh2_SensorValue.c:295:12:decodeGyroscopeUncal	24	static
../app/sh2/sh2_SensorValue.c:318:12:decodeMagneticFieldCalibrated	24	static
../app/sh2/sh2_SensorValue.c:327:12:decodeMagneticFieldUncal	24	static
../app/sh2/sh2_SensorValue.c:340:12:decodeRotationVector	24	static
../app/sh2/sh2_SensorValue.c:351:12:decodeGameRotationVector	24	static
../app/sh2/sh2_SensorValue.c:361:12:decodeGeomagneticRotationVector	24	static
../app/sh2/sh2_SensorValue.c:386:12:decodeHumidity	8	static
../app/sh2/sh2_SensorValue.c:393:12:decodeProximity	8	static
../app/sh2/sh2_SensorValue.c:400:12:decodeTemperature	8	static
../app/sh2/sh2_SensorValue.c:407:12:decodeReserved	8	static
../app/sh2/sh2_SensorValue.c:525:12:decodeArvrStabilizedRV	24	static
../app/sh2/sh2_SensorValue.c:536:12:decodeArvrStabilizedGRV	24	static
../app/sh2/sh2_SensorValue.c:546:12:decodeGyroIntegratedRV	24	static
../app/sh2/sh2_SensorValue.c:238:12:decodeRawAccelerometer	16	static
../app/sh2/sh2_SensorValue.c:275:12:decodeRawGyroscope	16	static
../app/sh2/sh2_SensorValue.c:308:12:decodeRawMagnetometer	16	static
../app/sh2/sh2_SensorValue.c:372:12:decodePressure	8	static
../app/sh2/sh2_SensorValue.c:379:12:decodeAmbientLight	8	static
../app/sh2/sh2_SensorValue.c:586:12:decodeDeadReckoningPose	24	static
../app/sh2/sh2_SensorValue.c:421:12:decodeStepDetector	8	static
../app/sh2/sh2_SensorValue.c:428:12:decodeStepCounter	16	static
../app/sh2/sh2_SensorValue.c:436:12:decodeSignificantMotion	8	static
../app/sh2/sh2_SensorValue.c:450:12:decodeShakeDetector	8	static
../app/sh2/sh2_SensorValue.c:457:12:decodeFlipDetector	8	static
../app/sh2/sh2_SensorValue.c:464:12:decodePickupDetector	8	static
../app/sh2/sh2_SensorValue.c:471:12:decodeStabilityDetector	8	static
../app/sh2/sh2_SensorValue.c:497:12:decodeTiltDetector	8	static
../app/sh2/sh2_SensorValue.c:504:12:decodePocketDetector	8	static
../app/sh2/sh2_SensorValue.c:511:12:decodeCircleDetector	8	static
../app/sh2/sh2_SensorValue.c:518:12:decodeHeartRateMonitor	8	static
../app/sh2/sh2_SensorValue.c:567:12:decodeRawOptFlow	16	static
../app/sh2/sh2_SensorValue.c:607:12:decodeWheelEncoder	16	static
../app/sh2/sh2_SensorValue.c:80:5:sh2_decodeSensorEvent	8	static
