../app/IMU/spi_hal.c:128:17:timeNowUs	8	static
../app/IMU/spi_hal.c:515:17:sh2_spi_hal_getTimeUs	8	static
../app/IMU/spi_hal.c:122:13:csn	8	static
../app/IMU/spi_hal.c:111:13:ps0_waken	8	static
../app/IMU/spi_hal.c:183:13:spiActivate	8	static
../app/IMU/spi_hal.c:220:13:spiCompleted	8	static
../app/IMU/spi_hal.c:105:13:rstn	8	static
../app/IMU/spi_hal.c:173:13:disableInts	8	static
../app/IMU/spi_hal.c:167:13:enableInts	8	static
../app/IMU/spi_hal.c:481:12:sh2_spi_hal_write	8	static
../app/IMU/spi_hal.c:444:12:sh2_spi_hal_read	16	static
../app/IMU/spi_hal.c:423:13:sh2_spi_hal_close	8	static
../app/IMU/spi_hal.c:353:13:imuTask	8	static
../app/IMU/spi_hal.c:143:13:spiDummyOp	24	static
../app/IMU/spi_hal.c:297:6:HAL_GPIO_EXTI_Callback	8	static
../app/IMU/spi_hal.c:326:6:HAL_SPI_ErrorCallback	0	static
../app/IMU/spi_hal.c:332:6:delayUs	24	static
../app/IMU/spi_hal.c:341:6:resetDelayUs	24	static
../app/IMU/spi_hal.c:361:12:sh2_spi_hal_open	48	static
../app/IMU/spi_hal.c:524:12:sh2_hal_init	0	static
