../app/app.cpp:58:6:void lidarTask(void*)	16	static
../app/app.cpp:66:6:void motorTask(void*)	8	static
../app/app.cpp:75:6:void psTask(void*)	8	static
../app/app.cpp:85:6:void sdCardTask(void*)	8	static
../app/app.cpp:105:6:void bufferDataTask(void*)	32	static
../app/app.cpp:177:6:void controllerTask(void*)	24	static
../app/app.cpp:273:6:void safetyConnectorTask(void*)	8	static
../app/app.cpp:291:6:void dischargeTask(void*)	24	static
../app/app.cpp:313:6:void app_start()	32	static
../app/app.cpp:358:6:void HAL_UARTEx_RxEventCallback(UART_HandleTypeDef*, uint16_t)	24	static,ignoring_inline_asm
../app/app.cpp:368:6:void HAL_UART_RxCpltCallback(UART_HandleTypeDef*)	8	static,ignoring_inline_asm
../app/app.cpp:380:6:void HAL_ADC_ConvCpltCallback(ADC_HandleTypeDef*)	8	static,ignoring_inline_asm
../app/app.cpp:397:6:void HAL_SPI_TxRxCpltCallback(SPI_HandleTypeDef*)	16	static,ignoring_inline_asm
../app/app.cpp:411:6:void HAL_SPI_TxCpltCallback(SPI_HandleTypeDef*)	8	static,ignoring_inline_asm
../app/app.cpp:421:6:void HAL_TIM_PeriodElapsedCallback(TIM_HandleTypeDef*)	8	static
